<html>
<body>
<pre>
<h1>礦ision Build Log</h1>
<h2>Tool Versions:</h2>
IDE-Version: μVision V5.38.0.0
Copyright (C) 2022 ARM Ltd and ARM Germany GmbH. All rights reserved.
License Information: YANG ZQ, JNPGC, LIC=8VRJ7-ECK8W-UHP8H-W3F44-BZKP3-L3WMJ
 
Tool Versions:
Toolchain:       MDK-ARM Plus  Version: 5.38.0.0
Toolchain Path:  D:\4_work\Keil\C51\ARM\ARMCC\Bin
C Compiler:      Armcc.exe V5.06 update 7 (build 960)
Assembler:       Armasm.exe V5.06 update 7 (build 960)
Linker/Locator:  ArmLink.exe V5.06 update 7 (build 960)
Library Manager: ArmAr.exe V5.06 update 7 (build 960)
Hex Converter:   FromElf.exe V5.06 update 7 (build 960)
CPU DLL:         SARMCM3.DLL V5.38.0.0
Dialog DLL:      DCM.DLL V1.17.5.0
Target DLL:      STLink\ST-LINKIII-KEIL_SWO.dll V3.1.0.0
Dialog DLL:      TCM.DLL V1.56.4.0
 
<h2>Project:</h2>
D:\Work_E\1_study\STM32Projects\6_光敏传感器控制蜂鸣器\Project.uvprojx
Project File Date:  10/26/2024

<h2>Output:</h2>
*** Using Compiler 'V5.06 update 7 (build 960)', folder: 'D:\4_work\Keil\C51\ARM\ARMCC\Bin'
Build target 'Target 1'
compiling Buzzer.c...
Hardware\Buzzer.c(33): warning:  #1-D: last line of file ends without a newline
  }
Hardware\Buzzer.c: 1 warning, 0 errors
compiling LightSensor.c...
Hardware\LightSensor.c(18): warning:  #1-D: last line of file ends without a newline
  }
Hardware\LightSensor.c: 1 warning, 0 errors
compiling main.c...
.\Hardware\Buzzer.h(4): warning:  #1295-D: Deprecated declaration Buzzer_Init - give arg types
  void Buzzer_Init();
.\Hardware\Buzzer.h(5): warning:  #1295-D: Deprecated declaration Buzzer_ON - give arg types
  void Buzzer_ON();
.\Hardware\Buzzer.h(6): warning:  #1295-D: Deprecated declaration Buzzer_OFF - give arg types
  void Buzzer_OFF();
.\Hardware\Buzzer.h(7): warning:  #1295-D: Deprecated declaration Buzzer_Turn - give arg types
  void Buzzer_Turn();
.\Hardware\Buzzer.h(9): warning:  #1-D: last line of file ends without a newline
  #endif
.\Hardware\LightSensor.h(5): warning:  #1295-D: Deprecated declaration LightSensor_Init - give arg types
  void LightSensor_Init();
.\Hardware\LightSensor.h(6): warning:  #1295-D: Deprecated declaration LigntSensor_Get - give arg types
  uint8_t LigntSensor_Get();
.\Hardware\LightSensor.h(8): warning:  #1-D: last line of file ends without a newline
  #endif
User\main.c: 8 warnings, 0 errors
linking...
Program Size: Code=1004 RO-data=252 RW-data=0 ZI-data=1632  
".\Objects\Project.axf" - 0 Error(s), 10 Warning(s).

<h2>Software Packages used:</h2>

Package Vendor: Keil
                http://www.keil.com/pack/Keil.STM32F1xx_DFP.2.2.0.pack
                Keil.STM32F1xx_DFP.2.2.0
                STMicroelectronics STM32F1 Series Device Support, Drivers and Examples

<h2>Collection of Component include folders:</h2>
  D:/4_work/Keil/C51/ARM/PACKS/Keil/STM32F1xx_DFP/2.2.0/Device/Include

<h2>Collection of Component Files used:</h2>
Build Time Elapsed:  00:00:00
</pre>
</body>
</html>
